../Core/Src/main.c:104:26:ADC1_ReadOne	40	static
../Core/Src/main.c:132:7:ntu_from_adc	16	static
../Core/Src/main.c:141:6:delay	0	static
../Core/Src/main.c:148:6:Set_Pin_Output	24	static
../Core/Src/main.c:157:6:Set_Pin_Input	24	static
../Core/Src/main.c:166:9:DS18B20_Start	8	static
../Core/Src/main.c:183:6:DS18B20_Write	24	static
../Core/Src/main.c:212:9:DS18B20_Read	24	static
../Core/Src/main.c:232:6:Measure	24	static
../Core/Src/main.c:272:6:TX	176	static
../Core/Src/main.c:291:6:HAL_UART_RxCpltCallback	8	static
../Core/Src/main.c:379:6:SystemClock_Config	88	static,ignoring_inline_asm
../Core/Src/main.c:311:5:main	48	static,ignoring_inline_asm
../Core/Src/main.c:631:6:Error_Handler	0	static,ignoring_inline_asm
