../Core/Src/main.c:104:26:ADC1_ReadOne	4
../Core/Src/main.c:132:7:ntu_from_adc	1
../Core/Src/main.c:141:6:delay	2
../Core/Src/main.c:148:6:Set_Pin_Output	1
../Core/Src/main.c:157:6:Set_Pin_Input	1
../Core/Src/main.c:166:9:DS18B20_Start	1
../Core/Src/main.c:183:6:DS18B20_Write	3
../Core/Src/main.c:212:9:DS18B20_Read	3
../Core/Src/main.c:232:6:Measure	3
../Core/Src/main.c:272:6:TX	2
../Core/Src/main.c:291:6:HAL_UART_RxCpltCallback	2
../Core/Src/main.c:379:6:SystemClock_Config	4
../Core/Src/main.c:311:5:main	11
../Core/Src/main.c:631:6:Error_Handler	1
